2026-03-17 10:18:17.019 +05:30 [INF] User profile is available. Using 'C:\Users\HP\AppData\Local\ASP.NET\DataProtection-Keys' as key repository and Windows DPAPI to encrypt keys at rest.
2026-03-17 10:18:17.448 +05:30 [WRN] Sensitive data logging is enabled. Log entries and exception messages may include sensitive application data; this mode should only be enabled during development.
2026-03-17 10:18:17.799 +05:30 [INF] Executed DbCommand (24ms) [Parameters=[], CommandType='"Text"', CommandTimeout='30']
SELECT 1
2026-03-17 10:18:17.831 +05:30 [INF] Executed DbCommand (17ms) [Parameters=[], CommandType='"Text"', CommandTimeout='30']
SELECT OBJECT_ID(N'[__EFMigrationsHistory]');
2026-03-17 10:18:17.842 +05:30 [INF] Executed DbCommand (1ms) [Parameters=[], CommandType='"Text"', CommandTimeout='30']
SELECT 1
2026-03-17 10:18:17.845 +05:30 [INF] Executed DbCommand (0ms) [Parameters=[], CommandType='"Text"', CommandTimeout='30']
SELECT OBJECT_ID(N'[__EFMigrationsHistory]');
2026-03-17 10:18:17.859 +05:30 [INF] Executed DbCommand (2ms) [Parameters=[], CommandType='"Text"', CommandTimeout='30']
SELECT [MigrationId], [ProductVersion]
FROM [__EFMigrationsHistory]
ORDER BY [MigrationId];
2026-03-17 10:18:17.873 +05:30 [INF] No migrations were applied. The database is already up to date.
2026-03-17 10:18:18.048 +05:30 [INF] Executed DbCommand (12ms) [Parameters=[@__normalizedName_0='ADMIN' (Size = 256)], CommandType='"Text"', CommandTimeout='30']
SELECT TOP(1) [a].[Id], [a].[ConcurrencyStamp], [a].[Name], [a].[NormalizedName]
FROM [AspNetRoles] AS [a]
WHERE [a].[NormalizedName] = @__normalizedName_0
2026-03-17 10:18:18.100 +05:30 [INF] Executed DbCommand (1ms) [Parameters=[@__normalizedName_0='FAMILY' (Size = 256)], CommandType='"Text"', CommandTimeout='30']
SELECT TOP(1) [a].[Id], [a].[ConcurrencyStamp], [a].[Name], [a].[NormalizedName]
FROM [AspNetRoles] AS [a]
WHERE [a].[NormalizedName] = @__normalizedName_0
2026-03-17 10:18:18.118 +05:30 [INF] Executed DbCommand (3ms) [Parameters=[@__normalizedEmail_0='ADMIN@PRISONERPORTAL.GOV' (Size = 256)], CommandType='"Text"', CommandTimeout='30']
SELECT TOP(2) [a].[Id], [a].[AccessFailedCount], [a].[Address], [a].[ConcurrencyStamp], [a].[CreatedAt], [a].[Email], [a].[EmailConfirmed], [a].[FullName], [a].[IsActive], [a].[LockoutEnabled], [a].[LockoutEnd], [a].[NormalizedEmail], [a].[NormalizedUserName], [a].[PasswordHash], [a].[PhoneNumber], [a].[PhoneNumberConfirmed], [a].[Role], [a].[SecurityStamp], [a].[TwoFactorEnabled], [a].[UserName]
FROM [AspNetUsers] AS [a]
WHERE [a].[NormalizedEmail] = @__normalizedEmail_0
2026-03-17 10:18:18.183 +05:30 [INF] Executed DbCommand (1ms) [Parameters=[@__normalizedEmail_0='FAMILY@TEST.COM' (Size = 256)], CommandType='"Text"', CommandTimeout='30']
SELECT TOP(2) [a].[Id], [a].[AccessFailedCount], [a].[Address], [a].[ConcurrencyStamp], [a].[CreatedAt], [a].[Email], [a].[EmailConfirmed], [a].[FullName], [a].[IsActive], [a].[LockoutEnabled], [a].[LockoutEnd], [a].[NormalizedEmail], [a].[NormalizedUserName], [a].[PasswordHash], [a].[PhoneNumber], [a].[PhoneNumberConfirmed], [a].[Role], [a].[SecurityStamp], [a].[TwoFactorEnabled], [a].[UserName]
FROM [AspNetUsers] AS [a]
WHERE [a].[NormalizedEmail] = @__normalizedEmail_0
2026-03-17 10:18:18.204 +05:30 [INF] Executed DbCommand (3ms) [Parameters=[], CommandType='"Text"', CommandTimeout='30']
SELECT CASE
    WHEN EXISTS (
        SELECT 1
        FROM [Prisoners] AS [p]) THEN CAST(1 AS bit)
    ELSE CAST(0 AS bit)
END
2026-03-17 10:18:18.209 +05:30 [INF] Executed DbCommand (1ms) [Parameters=[@__normalizedEmail_0='ADMIN@PRISONERPORTAL.GOV' (Size = 256)], CommandType='"Text"', CommandTimeout='30']
SELECT TOP(2) [a].[Id], [a].[AccessFailedCount], [a].[Address], [a].[ConcurrencyStamp], [a].[CreatedAt], [a].[Email], [a].[EmailConfirmed], [a].[FullName], [a].[IsActive], [a].[LockoutEnabled], [a].[LockoutEnd], [a].[NormalizedEmail], [a].[NormalizedUserName], [a].[PasswordHash], [a].[PhoneNumber], [a].[PhoneNumberConfirmed], [a].[Role], [a].[SecurityStamp], [a].[TwoFactorEnabled], [a].[UserName]
FROM [AspNetUsers] AS [a]
WHERE [a].[NormalizedEmail] = @__normalizedEmail_0
2026-03-17 10:18:18.215 +05:30 [INF] Executed DbCommand (2ms) [Parameters=[], CommandType='"Text"', CommandTimeout='30']
SELECT CASE
    WHEN EXISTS (
        SELECT 1
        FROM [VisitSlots] AS [v]) THEN CAST(1 AS bit)
    ELSE CAST(0 AS bit)
END
2026-03-17 10:18:18.243 +05:30 [INF] Database migration and seeding completed successfully.
2026-03-17 10:18:18.294 +05:30 [INF] Now listening on: http://localhost:5000
2026-03-17 10:18:18.298 +05:30 [INF] Application started. Press Ctrl+C to shut down.
2026-03-17 10:18:18.301 +05:30 [INF] Hosting environment: Development
2026-03-17 10:18:18.301 +05:30 [INF] Content root path: C:\Users\HP\Desktop\Adarsh Yadav Project\PrisonerPortal
2026-03-17 10:22:26.823 +05:30 [INF] User profile is available. Using 'C:\Users\HP\AppData\Local\ASP.NET\DataProtection-Keys' as key repository and Windows DPAPI to encrypt keys at rest.
2026-03-17 10:22:27.839 +05:30 [WRN] Sensitive data logging is enabled. Log entries and exception messages may include sensitive application data; this mode should only be enabled during development.
2026-03-17 10:22:28.664 +05:30 [INF] Executed DbCommand (65ms) [Parameters=[], CommandType='"Text"', CommandTimeout='30']
SELECT 1
2026-03-17 10:22:28.747 +05:30 [INF] Executed DbCommand (35ms) [Parameters=[], CommandType='"Text"', CommandTimeout='30']
SELECT OBJECT_ID(N'[__EFMigrationsHistory]');
2026-03-17 10:22:28.765 +05:30 [INF] Executed DbCommand (2ms) [Parameters=[], CommandType='"Text"', CommandTimeout='30']
SELECT 1
2026-03-17 10:22:28.778 +05:30 [INF] Executed DbCommand (1ms) [Parameters=[], CommandType='"Text"', CommandTimeout='30']
SELECT OBJECT_ID(N'[__EFMigrationsHistory]');
2026-03-17 10:22:28.827 +05:30 [INF] Executed DbCommand (5ms) [Parameters=[], CommandType='"Text"', CommandTimeout='30']
SELECT [MigrationId], [ProductVersion]
FROM [__EFMigrationsHistory]
ORDER BY [MigrationId];
2026-03-17 10:22:28.880 +05:30 [INF] No migrations were applied. The database is already up to date.
2026-03-17 10:22:29.424 +05:30 [INF] Executed DbCommand (40ms) [Parameters=[@__normalizedName_0='ADMIN' (Size = 256)], CommandType='"Text"', CommandTimeout='30']
SELECT TOP(1) [a].[Id], [a].[ConcurrencyStamp], [a].[Name], [a].[NormalizedName]
FROM [AspNetRoles] AS [a]
WHERE [a].[NormalizedName] = @__normalizedName_0
2026-03-17 10:26:37.625 +05:30 [INF] User profile is available. Using 'C:\Users\HP\AppData\Local\ASP.NET\DataProtection-Keys' as key repository and Windows DPAPI to encrypt keys at rest.
2026-03-17 10:26:42.051 +05:30 [WRN] Sensitive data logging is enabled. Log entries and exception messages may include sensitive application data; this mode should only be enabled during development.
2026-03-17 10:26:44.631 +05:30 [INF] Executed DbCommand (85ms) [Parameters=[], CommandType='"Text"', CommandTimeout='30']
SELECT 1
2026-03-17 10:26:44.702 +05:30 [INF] Acquiring an exclusive lock for migration application. See https://aka.ms/efcore-docs-migrations-lock for more information if this takes too long.
2026-03-17 10:26:44.844 +05:30 [INF] Executed DbCommand (116ms) [Parameters=[], CommandType='"Text"', CommandTimeout='30']
DECLARE @result int;
EXEC @result = sp_getapplock @Resource = '__EFMigrationsLock', @LockOwner = 'Session', @LockMode = 'Exclusive';
SELECT @result
2026-03-17 10:26:45.183 +05:30 [INF] Executed DbCommand (5ms) [Parameters=[], CommandType='"Text"', CommandTimeout='30']
IF OBJECT_ID(N'[__EFMigrationsHistory]') IS NULL
BEGIN
    CREATE TABLE [__EFMigrationsHistory] (
        [MigrationId] nvarchar(150) NOT NULL,
        [ProductVersion] nvarchar(32) NOT NULL,
        CONSTRAINT [PK___EFMigrationsHistory] PRIMARY KEY ([MigrationId])
    );
END;
2026-03-17 10:26:45.280 +05:30 [INF] Executed DbCommand (1ms) [Parameters=[], CommandType='"Text"', CommandTimeout='30']
SELECT 1
2026-03-17 10:26:45.306 +05:30 [INF] Executed DbCommand (5ms) [Parameters=[], CommandType='"Text"', CommandTimeout='30']
SELECT OBJECT_ID(N'[__EFMigrationsHistory]');
2026-03-17 10:26:45.385 +05:30 [INF] Executed DbCommand (27ms) [Parameters=[], CommandType='"Text"', CommandTimeout='30']
SELECT [MigrationId], [ProductVersion]
FROM [__EFMigrationsHistory]
ORDER BY [MigrationId];
2026-03-17 10:26:45.463 +05:30 [INF] No migrations were applied. The database is already up to date.
2026-03-17 10:26:45.502 +05:30 [INF] Executed DbCommand (22ms) [Parameters=[], CommandType='"Text"', CommandTimeout='30']
DECLARE @result int;
EXEC @result = sp_releaseapplock @Resource = '__EFMigrationsLock', @LockOwner = 'Session';
SELECT @result
2026-03-17 10:28:59.508 +05:30 [INF] User profile is available. Using 'C:\Users\HP\AppData\Local\ASP.NET\DataProtection-Keys' as key repository and Windows DPAPI to encrypt keys at rest.
2026-03-17 10:29:00.856 +05:30 [WRN] Sensitive data logging is enabled. Log entries and exception messages may include sensitive application data; this mode should only be enabled during development.
2026-03-17 10:29:02.020 +05:30 [INF] Executed DbCommand (59ms) [Parameters=[], CommandType='"Text"', CommandTimeout='30']
SELECT 1
2026-03-17 10:29:02.086 +05:30 [INF] Acquiring an exclusive lock for migration application. See https://aka.ms/efcore-docs-migrations-lock for more information if this takes too long.
2026-03-17 10:29:02.204 +05:30 [INF] Executed DbCommand (92ms) [Parameters=[], CommandType='"Text"', CommandTimeout='30']
DECLARE @result int;
EXEC @result = sp_getapplock @Resource = '__EFMigrationsLock', @LockOwner = 'Session', @LockMode = 'Exclusive';
SELECT @result
2026-03-17 10:29:02.438 +05:30 [INF] Executed DbCommand (21ms) [Parameters=[], CommandType='"Text"', CommandTimeout='30']
IF OBJECT_ID(N'[__EFMigrationsHistory]') IS NULL
BEGIN
    CREATE TABLE [__EFMigrationsHistory] (
        [MigrationId] nvarchar(150) NOT NULL,
        [ProductVersion] nvarchar(32) NOT NULL,
        CONSTRAINT [PK___EFMigrationsHistory] PRIMARY KEY ([MigrationId])
    );
END;
2026-03-17 10:29:02.514 +05:30 [INF] Executed DbCommand (1ms) [Parameters=[], CommandType='"Text"', CommandTimeout='30']
SELECT 1
2026-03-17 10:29:02.540 +05:30 [INF] Executed DbCommand (3ms) [Parameters=[], CommandType='"Text"', CommandTimeout='30']
SELECT OBJECT_ID(N'[__EFMigrationsHistory]');
2026-03-17 10:29:02.618 +05:30 [INF] Executed DbCommand (41ms) [Parameters=[], CommandType='"Text"', CommandTimeout='30']
SELECT [MigrationId], [ProductVersion]
FROM [__EFMigrationsHistory]
ORDER BY [MigrationId];
2026-03-17 10:29:02.685 +05:30 [INF] No migrations were applied. The database is already up to date.
2026-03-17 10:29:02.714 +05:30 [INF] Executed DbCommand (10ms) [Parameters=[], CommandType='"Text"', CommandTimeout='30']
DECLARE @result int;
EXEC @result = sp_releaseapplock @Resource = '__EFMigrationsLock', @LockOwner = 'Session';
SELECT @result
2026-03-17 10:29:03.423 +05:30 [INF] Executed DbCommand (54ms) [Parameters=[@normalizedName='ADMIN' (Size = 256)], CommandType='"Text"', CommandTimeout='30']
SELECT TOP(1) [a].[Id], [a].[ConcurrencyStamp], [a].[Name], [a].[NormalizedName]
FROM [AspNetRoles] AS [a]
WHERE [a].[NormalizedName] = @normalizedName
2026-03-17 10:29:03.581 +05:30 [INF] Executed DbCommand (2ms) [Parameters=[@normalizedName='FAMILY' (Size = 256)], CommandType='"Text"', CommandTimeout='30']
SELECT TOP(1) [a].[Id], [a].[ConcurrencyStamp], [a].[Name], [a].[NormalizedName]
FROM [AspNetRoles] AS [a]
WHERE [a].[NormalizedName] = @normalizedName
2026-03-17 10:29:03.691 +05:30 [INF] Executed DbCommand (10ms) [Parameters=[@normalizedEmail='ADMIN@PRISONERPORTAL.GOV' (Size = 256)], CommandType='"Text"', CommandTimeout='30']
SELECT TOP(2) [a].[Id], [a].[AccessFailedCount], [a].[Address], [a].[ConcurrencyStamp], [a].[CreatedAt], [a].[Email], [a].[EmailConfirmed], [a].[FullName], [a].[IsActive], [a].[LockoutEnabled], [a].[LockoutEnd], [a].[NormalizedEmail], [a].[NormalizedUserName], [a].[PasswordHash], [a].[PhoneNumber], [a].[PhoneNumberConfirmed], [a].[Role], [a].[SecurityStamp], [a].[TwoFactorEnabled], [a].[UserName]
FROM [AspNetUsers] AS [a]
WHERE [a].[NormalizedEmail] = @normalizedEmail
2026-03-17 10:29:03.855 +05:30 [INF] Executed DbCommand (2ms) [Parameters=[@normalizedEmail='FAMILY@TEST.COM' (Size = 256)], CommandType='"Text"', CommandTimeout='30']
SELECT TOP(2) [a].[Id], [a].[AccessFailedCount], [a].[Address], [a].[ConcurrencyStamp], [a].[CreatedAt], [a].[Email], [a].[EmailConfirmed], [a].[FullName], [a].[IsActive], [a].[LockoutEnabled], [a].[LockoutEnd], [a].[NormalizedEmail], [a].[NormalizedUserName], [a].[PasswordHash], [a].[PhoneNumber], [a].[PhoneNumberConfirmed], [a].[Role], [a].[SecurityStamp], [a].[TwoFactorEnabled], [a].[UserName]
FROM [AspNetUsers] AS [a]
WHERE [a].[NormalizedEmail] = @normalizedEmail
2026-03-17 10:29:03.979 +05:30 [INF] Executed DbCommand (26ms) [Parameters=[], CommandType='"Text"', CommandTimeout='30']
SELECT CASE
    WHEN EXISTS (
        SELECT 1
        FROM [Prisoners] AS [p]) THEN CAST(1 AS bit)
    ELSE CAST(0 AS bit)
END
2026-03-17 10:29:04.009 +05:30 [INF] Executed DbCommand (3ms) [Parameters=[@normalizedEmail='ADMIN@PRISONERPORTAL.GOV' (Size = 256)], CommandType='"Text"', CommandTimeout='30']
SELECT TOP(2) [a].[Id], [a].[AccessFailedCount], [a].[Address], [a].[ConcurrencyStamp], [a].[CreatedAt], [a].[Email], [a].[EmailConfirmed], [a].[FullName], [a].[IsActive], [a].[LockoutEnabled], [a].[LockoutEnd], [a].[NormalizedEmail], [a].[NormalizedUserName], [a].[PasswordHash], [a].[PhoneNumber], [a].[PhoneNumberConfirmed], [a].[Role], [a].[SecurityStamp], [a].[TwoFactorEnabled], [a].[UserName]
FROM [AspNetUsers] AS [a]
WHERE [a].[NormalizedEmail] = @normalizedEmail
2026-03-17 10:29:04.084 +05:30 [INF] Executed DbCommand (7ms) [Parameters=[], CommandType='"Text"', CommandTimeout='30']
SELECT CASE
    WHEN EXISTS (
        SELECT 1
        FROM [VisitSlots] AS [v]) THEN CAST(1 AS bit)
    ELSE CAST(0 AS bit)
END
2026-03-17 10:29:04.212 +05:30 [INF] Database migration and seeding completed successfully.
2026-03-17 10:29:04.376 +05:30 [INF] Now listening on: http://localhost:5000
2026-03-17 10:29:04.387 +05:30 [INF] Application started. Press Ctrl+C to shut down.
2026-03-17 10:29:04.395 +05:30 [INF] Hosting environment: Development
2026-03-17 10:29:04.405 +05:30 [INF] Content root path: C:\Users\HP\Desktop\Adarsh Yadav Project\PrisonerPortal
2026-03-17 10:29:45.791 +05:30 [INF] Request starting HTTP/1.1 GET http://localhost:5000/ - null null
2026-03-17 10:29:45.894 +05:30 [WRN] Failed to determine the https port for redirect.
2026-03-17 10:29:46.475 +05:30 [INF] Executing endpoint 'PrisonerPortal.Controllers.AccountController.Login (PrisonerPortal)'
2026-03-17 10:29:46.635 +05:30 [INF] Route matched with {action = "Login", controller = "Account"}. Executing controller action with signature Microsoft.AspNetCore.Mvc.IActionResult Login() on controller PrisonerPortal.Controllers.AccountController (PrisonerPortal).
2026-03-17 10:29:46.902 +05:30 [INF] Executing RedirectResult, redirecting to /Admin/Dashboard.
2026-03-17 10:29:47.026 +05:30 [INF] Executed action PrisonerPortal.Controllers.AccountController.Login (PrisonerPortal) in 194.342ms
2026-03-17 10:29:47.090 +05:30 [INF] Executed endpoint 'PrisonerPortal.Controllers.AccountController.Login (PrisonerPortal)'
2026-03-17 10:29:47.309 +05:30 [INF] Request finished HTTP/1.1 GET http://localhost:5000/ - 302 0 null 1533.6688ms
2026-03-17 10:29:47.488 +05:30 [INF] Request starting HTTP/1.1 GET http://localhost:5000/Admin/Dashboard - null null
2026-03-17 10:29:47.789 +05:30 [INF] Executing endpoint 'PrisonerPortal.Controllers.AdminController.Dashboard (PrisonerPortal)'
2026-03-17 10:29:47.973 +05:30 [INF] Route matched with {action = "Dashboard", controller = "Admin"}. Executing controller action with signature System.Threading.Tasks.Task`1[Microsoft.AspNetCore.Mvc.IActionResult] Dashboard() on controller PrisonerPortal.Controllers.AdminController (PrisonerPortal).
2026-03-17 10:29:49.027 +05:30 [INF] Executed DbCommand (29ms) [Parameters=[@normalizedRoleName='FAMILY' (Size = 256)], CommandType='"Text"', CommandTimeout='30']
SELECT TOP(2) [a].[Id], [a].[ConcurrencyStamp], [a].[Name], [a].[NormalizedName]
FROM [AspNetRoles] AS [a]
WHERE [a].[NormalizedName] = @normalizedRoleName
2026-03-17 10:29:50.211 +05:30 [INF] Executed DbCommand (56ms) [Parameters=[@role_Id='b23a1e42-6d28-4c89-a550-b0519e5c57aa' (Size = 450)], CommandType='"Text"', CommandTimeout='30']
SELECT [a0].[Id], [a0].[AccessFailedCount], [a0].[Address], [a0].[ConcurrencyStamp], [a0].[CreatedAt], [a0].[Email], [a0].[EmailConfirmed], [a0].[FullName], [a0].[IsActive], [a0].[LockoutEnabled], [a0].[LockoutEnd], [a0].[NormalizedEmail], [a0].[NormalizedUserName], [a0].[PasswordHash], [a0].[PhoneNumber], [a0].[PhoneNumberConfirmed], [a0].[Role], [a0].[SecurityStamp], [a0].[TwoFactorEnabled], [a0].[UserName]
FROM [AspNetUserRoles] AS [a]
INNER JOIN [AspNetUsers] AS [a0] ON [a].[UserId] = [a0].[Id]
WHERE [a].[RoleId] = @role_Id
2026-03-17 10:29:51.503 +05:30 [INF] Executed DbCommand (92ms) [Parameters=[], CommandType='"Text"', CommandTimeout='30']
SELECT COUNT(*)
FROM [Prisoners] AS [p]
WHERE [p].[Status] = N'Active'
2026-03-17 10:29:53.495 +05:30 [INF] Executed DbCommand (68ms) [Parameters=[@today='2026-03-17T00:00:00.0000000Z'], CommandType='"Text"', CommandTimeout='30']
SELECT COUNT(*)
FROM [Appointments] AS [a]
INNER JOIN [VisitSlots] AS [v] ON [a].[SlotId] = [v].[SlotId]
WHERE [a].[Status] IN (N'Pending', N'Approved') AND [v].[SlotDate] = @today
2026-03-17 10:29:53.812 +05:30 [INF] Executed DbCommand (52ms) [Parameters=[], CommandType='"Text"', CommandTimeout='30']
SELECT COUNT(*)
FROM [SupportRequests] AS [s]
WHERE [s].[Status] IN (N'Open', N'InProgress')
2026-03-17 10:29:55.253 +05:30 [INF] Executed DbCommand (75ms) [Parameters=[@p='10'], CommandType='"Text"', CommandTimeout='30']
SELECT [a0].[AppointmentId], [a0].[AdminNotes], [a0].[AppointmentCode], [a0].[BookedAt], [a0].[NumVisitors], [a0].[PrisonerId], [a0].[Purpose], [a0].[RejectionReason], [a0].[SlotId], [a0].[Status], [a0].[UpdatedAt], [a0].[UserId], [a0].[VisitorNames], [p].[PrisonerId], [p].[CaseNumber], [p].[CellBlock], [p].[CellNumber], [p].[CreatedAt], [p].[CrimeCategory], [p].[DateOfBirth], [p].[FullName], [p].[Gender], [p].[PrisonerCode], [p].[SentenceEndDate], [p].[SentenceStartDate], [p].[Status], [p].[UpdatedAt], [a1].[Id], [a1].[AccessFailedCount], [a1].[Address], [a1].[ConcurrencyStamp], [a1].[CreatedAt], [a1].[Email], [a1].[EmailConfirmed], [a1].[FullName], [a1].[IsActive], [a1].[LockoutEnabled], [a1].[LockoutEnd], [a1].[NormalizedEmail], [a1].[NormalizedUserName], [a1].[PasswordHash], [a1].[PhoneNumber], [a1].[PhoneNumberConfirmed], [a1].[Role], [a1].[SecurityStamp], [a1].[TwoFactorEnabled], [a1].[UserName], [v].[SlotId], [v].[CreatedAt], [v].[CreatedByAdminId], [v].[CurrentBookings], [v].[EndTime], [v].[IsActive], [v].[MaxCapacity], [v].[SlotDate], [v].[StartTime]
FROM (
    SELECT TOP(@p) [a].[AppointmentId], [a].[AdminNotes], [a].[AppointmentCode], [a].[BookedAt], [a].[NumVisitors], [a].[PrisonerId], [a].[Purpose], [a].[RejectionReason], [a].[SlotId], [a].[Status], [a].[UpdatedAt], [a].[UserId], [a].[VisitorNames]
    FROM [Appointments] AS [a]
    WHERE [a].[Status] = N'Pending'
    ORDER BY [a].[BookedAt]
) AS [a0]
INNER JOIN [Prisoners] AS [p] ON [a0].[PrisonerId] = [p].[PrisonerId]
INNER JOIN [AspNetUsers] AS [a1] ON [a0].[UserId] = [a1].[Id]
INNER JOIN [VisitSlots] AS [v] ON [a0].[SlotId] = [v].[SlotId]
ORDER BY [a0].[BookedAt]
2026-03-17 10:29:56.191 +05:30 [INF] Executed DbCommand (72ms) [Parameters=[@p='10'], CommandType='"Text"', CommandTimeout='30']
SELECT [s0].[RequestId], [s0].[AdminResponse], [s0].[AssignedAdminId], [s0].[Category], [s0].[CreatedAt], [s0].[Description], [s0].[Priority], [s0].[PrisonerId], [s0].[RequestCode], [s0].[ResolvedAt], [s0].[Status], [s0].[Subject], [s0].[UpdatedAt], [s0].[UserId], [a].[Id], [a].[AccessFailedCount], [a].[Address], [a].[ConcurrencyStamp], [a].[CreatedAt], [a].[Email], [a].[EmailConfirmed], [a].[FullName], [a].[IsActive], [a].[LockoutEnabled], [a].[LockoutEnd], [a].[NormalizedEmail], [a].[NormalizedUserName], [a].[PasswordHash], [a].[PhoneNumber], [a].[PhoneNumberConfirmed], [a].[Role], [a].[SecurityStamp], [a].[TwoFactorEnabled], [a].[UserName], [p].[PrisonerId], [p].[CaseNumber], [p].[CellBlock], [p].[CellNumber], [p].[CreatedAt], [p].[CrimeCategory], [p].[DateOfBirth], [p].[FullName], [p].[Gender], [p].[PrisonerCode], [p].[SentenceEndDate], [p].[SentenceStartDate], [p].[Status], [p].[UpdatedAt]
FROM (
    SELECT TOP(@p) [s].[RequestId], [s].[AdminResponse], [s].[AssignedAdminId], [s].[Category], [s].[CreatedAt], [s].[Description], [s].[Priority], [s].[PrisonerId], [s].[RequestCode], [s].[ResolvedAt], [s].[Status], [s].[Subject], [s].[UpdatedAt], [s].[UserId]
    FROM [SupportRequests] AS [s]
    ORDER BY [s].[CreatedAt] DESC
) AS [s0]
INNER JOIN [AspNetUsers] AS [a] ON [s0].[UserId] = [a].[Id]
INNER JOIN [Prisoners] AS [p] ON [s0].[PrisonerId] = [p].[PrisonerId]
ORDER BY [s0].[CreatedAt] DESC
2026-03-17 10:29:57.192 +05:30 [INF] Executed DbCommand (48ms) [Parameters=[], CommandType='"Text"', CommandTimeout='30']
SELECT [f].[LinkId], [f].[IsVerified], [f].[LinkedAt], [f].[PrisonerId], [f].[Relationship], [f].[UserId], [f].[VerifiedByAdminId], [a].[Id], [a].[AccessFailedCount], [a].[Address], [a].[ConcurrencyStamp], [a].[CreatedAt], [a].[Email], [a].[EmailConfirmed], [a].[FullName], [a].[IsActive], [a].[LockoutEnabled], [a].[LockoutEnd], [a].[NormalizedEmail], [a].[NormalizedUserName], [a].[PasswordHash], [a].[PhoneNumber], [a].[PhoneNumberConfirmed], [a].[Role], [a].[SecurityStamp], [a].[TwoFactorEnabled], [a].[UserName], [p].[PrisonerId], [p].[CaseNumber], [p].[CellBlock], [p].[CellNumber], [p].[CreatedAt], [p].[CrimeCategory], [p].[DateOfBirth], [p].[FullName], [p].[Gender], [p].[PrisonerCode], [p].[SentenceEndDate], [p].[SentenceStartDate], [p].[Status], [p].[UpdatedAt]
FROM [FamilyPrisonerLinks] AS [f]
INNER JOIN [AspNetUsers] AS [a] ON [f].[UserId] = [a].[Id]
INNER JOIN [Prisoners] AS [p] ON [f].[PrisonerId] = [p].[PrisonerId]
WHERE [f].[IsVerified] = CAST(0 AS bit)
ORDER BY [f].[LinkedAt]
2026-03-17 10:29:57.557 +05:30 [INF] Executing ViewResult, running view Dashboard.
2026-03-17 10:30:00.255 +05:30 [INF] Executed ViewResult - view Dashboard executed in 2927.9057ms.
2026-03-17 10:30:00.553 +05:30 [INF] Request starting HTTP/1.1 GET http://localhost:5000/css/site.css?v=KcI1ZzOVZ0l2MjRbhyD1kR9OSFOKdgK5FhnNHelmdmY - null null
2026-03-17 10:30:00.567 +05:30 [INF] Request starting HTTP/1.1 GET http://localhost:5000/css/components.css?v=elf4DFhCVIE8d9eGP2egurRhUBwkdM7IqUaeO1X2ZPo - null null
2026-03-17 10:30:00.573 +05:30 [INF] Request starting HTTP/1.1 GET http://localhost:5000/js/site.js?v=zIkpxiSb20xI1GzbX49ogguRCWNfYaxVh_KTD9brSds - null null
2026-03-17 10:30:00.674 +05:30 [INF] Executed action PrisonerPortal.Controllers.AdminController.Dashboard (PrisonerPortal) in 12640.4647ms
2026-03-17 10:30:01.065 +05:30 [INF] Sending file. Request path: '/css/site.css'. Physical path: 'C:\Users\HP\Desktop\Adarsh Yadav Project\PrisonerPortal\wwwroot\css\site.css'
2026-03-17 10:30:01.496 +05:30 [INF] Sending file. Request path: '/css/components.css'. Physical path: 'C:\Users\HP\Desktop\Adarsh Yadav Project\PrisonerPortal\wwwroot\css\components.css'
2026-03-17 10:30:02.611 +05:30 [INF] Sending file. Request path: '/js/site.js'. Physical path: 'C:\Users\HP\Desktop\Adarsh Yadav Project\PrisonerPortal\wwwroot\js\site.js'
2026-03-17 10:30:02.814 +05:30 [INF] Executed endpoint 'PrisonerPortal.Controllers.AdminController.Dashboard (PrisonerPortal)'
2026-03-17 10:30:02.875 +05:30 [INF] Request finished HTTP/1.1 GET http://localhost:5000/css/site.css?v=KcI1ZzOVZ0l2MjRbhyD1kR9OSFOKdgK5FhnNHelmdmY - 200 3195 text/css 2320.5403ms
2026-03-17 10:30:03.014 +05:30 [INF] Request finished HTTP/1.1 GET http://localhost:5000/css/components.css?v=elf4DFhCVIE8d9eGP2egurRhUBwkdM7IqUaeO1X2ZPo - 200 3432 text/css 2441.4717ms
2026-03-17 10:30:03.113 +05:30 [INF] Request finished HTTP/1.1 GET http://localhost:5000/js/site.js?v=zIkpxiSb20xI1GzbX49ogguRCWNfYaxVh_KTD9brSds - 200 2372 text/javascript 2539.7855ms
2026-03-17 10:30:03.231 +05:30 [INF] Request finished HTTP/1.1 GET http://localhost:5000/Admin/Dashboard - 200 null text/html; charset=utf-8 15743.0821ms
2026-03-17 10:30:04.520 +05:30 [INF] Request starting HTTP/1.1 GET http://localhost:5000/favicon.ico - null null
2026-03-17 10:30:05.089 +05:30 [INF] Request starting HTTP/1.1 GET http://localhost:5000/Notifications/GetUnreadCount - null null
2026-03-17 10:30:05.464 +05:30 [INF] Sending file. Request path: '/favicon.ico'. Physical path: 'C:\Users\HP\Desktop\Adarsh Yadav Project\PrisonerPortal\wwwroot\favicon.ico'
2026-03-17 10:30:05.638 +05:30 [INF] Request finished HTTP/1.1 GET http://localhost:5000/favicon.ico - 200 5430 image/x-icon 1121.2823ms
2026-03-17 10:30:06.116 +05:30 [INF] Executing endpoint 'PrisonerPortal.Controllers.NotificationsController.GetUnreadCount (PrisonerPortal)'
2026-03-17 10:30:06.457 +05:30 [INF] Route matched with {action = "GetUnreadCount", controller = "Notifications"}. Executing controller action with signature Microsoft.AspNetCore.Mvc.IActionResult GetUnreadCount() on controller PrisonerPortal.Controllers.NotificationsController (PrisonerPortal).
2026-03-17 10:30:07.866 +05:30 [INF] Executed DbCommand (47ms) [Parameters=[@userId='61cc9a7c-b075-4c7d-9717-584b31e92a6f' (Size = 450)], CommandType='"Text"', CommandTimeout='30']
SELECT COUNT(*)
FROM [Notifications] AS [n]
WHERE [n].[UserId] = @userId AND [n].[IsRead] = CAST(0 AS bit)
2026-03-17 10:30:07.952 +05:30 [INF] Executing JsonResult, writing value of type '<>f__AnonymousType1`1[[System.Int32, System.Private.CoreLib, Version=10.0.0.0, Culture=neutral, PublicKeyToken=7cec85d7bea7798e]]'.
2026-03-17 10:30:08.752 +05:30 [INF] Executed action PrisonerPortal.Controllers.NotificationsController.GetUnreadCount (PrisonerPortal) in 2143.9045ms
2026-03-17 10:30:08.903 +05:30 [INF] Executed endpoint 'PrisonerPortal.Controllers.NotificationsController.GetUnreadCount (PrisonerPortal)'
2026-03-17 10:30:08.957 +05:30 [INF] Request finished HTTP/1.1 GET http://localhost:5000/Notifications/GetUnreadCount - 200 null application/json; charset=utf-8 3865.3225ms
2026-03-17 10:30:33.253 +05:30 [INF] Request starting HTTP/1.1 GET http://localhost:5000/Notifications/GetUnreadCount - null null
2026-03-17 10:30:33.422 +05:30 [INF] Executing endpoint 'PrisonerPortal.Controllers.NotificationsController.GetUnreadCount (PrisonerPortal)'
2026-03-17 10:30:33.472 +05:30 [INF] Route matched with {action = "GetUnreadCount", controller = "Notifications"}. Executing controller action with signature Microsoft.AspNetCore.Mvc.IActionResult GetUnreadCount() on controller PrisonerPortal.Controllers.NotificationsController (PrisonerPortal).
2026-03-17 10:30:33.594 +05:30 [INF] Executed DbCommand (29ms) [Parameters=[@userId='61cc9a7c-b075-4c7d-9717-584b31e92a6f' (Size = 450)], CommandType='"Text"', CommandTimeout='30']
SELECT COUNT(*)
FROM [Notifications] AS [n]
WHERE [n].[UserId] = @userId AND [n].[IsRead] = CAST(0 AS bit)
2026-03-17 10:30:33.687 +05:30 [INF] Executing JsonResult, writing value of type '<>f__AnonymousType1`1[[System.Int32, System.Private.CoreLib, Version=10.0.0.0, Culture=neutral, PublicKeyToken=7cec85d7bea7798e]]'.
2026-03-17 10:30:33.737 +05:30 [INF] Executed action PrisonerPortal.Controllers.NotificationsController.GetUnreadCount (PrisonerPortal) in 229.1735ms
2026-03-17 10:30:33.792 +05:30 [INF] Executed endpoint 'PrisonerPortal.Controllers.NotificationsController.GetUnreadCount (PrisonerPortal)'
2026-03-17 10:30:33.807 +05:30 [INF] Request finished HTTP/1.1 GET http://localhost:5000/Notifications/GetUnreadCount - 200 null application/json; charset=utf-8 553.7816ms
2026-03-17 10:31:03.218 +05:30 [INF] Request starting HTTP/1.1 GET http://localhost:5000/Notifications/GetUnreadCount - null null
2026-03-17 10:31:03.240 +05:30 [INF] Executing endpoint 'PrisonerPortal.Controllers.NotificationsController.GetUnreadCount (PrisonerPortal)'
2026-03-17 10:31:03.246 +05:30 [INF] Route matched with {action = "GetUnreadCount", controller = "Notifications"}. Executing controller action with signature Microsoft.AspNetCore.Mvc.IActionResult GetUnreadCount() on controller PrisonerPortal.Controllers.NotificationsController (PrisonerPortal).
2026-03-17 10:31:03.281 +05:30 [INF] Executed DbCommand (11ms) [Parameters=[@userId='61cc9a7c-b075-4c7d-9717-584b31e92a6f' (Size = 450)], CommandType='"Text"', CommandTimeout='30']
SELECT COUNT(*)
FROM [Notifications] AS [n]
WHERE [n].[UserId] = @userId AND [n].[IsRead] = CAST(0 AS bit)
2026-03-17 10:31:03.302 +05:30 [INF] Executing JsonResult, writing value of type '<>f__AnonymousType1`1[[System.Int32, System.Private.CoreLib, Version=10.0.0.0, Culture=neutral, PublicKeyToken=7cec85d7bea7798e]]'.
2026-03-17 10:31:03.309 +05:30 [INF] Executed action PrisonerPortal.Controllers.NotificationsController.GetUnreadCount (PrisonerPortal) in 41.0176ms
2026-03-17 10:31:03.320 +05:30 [INF] Executed endpoint 'PrisonerPortal.Controllers.NotificationsController.GetUnreadCount (PrisonerPortal)'
2026-03-17 10:31:03.328 +05:30 [INF] Request finished HTTP/1.1 GET http://localhost:5000/Notifications/GetUnreadCount - 200 null application/json; charset=utf-8 109.1849ms
2026-03-17 10:31:33.212 +05:30 [INF] Request starting HTTP/1.1 GET http://localhost:5000/Notifications/GetUnreadCount - null null
2026-03-17 10:31:33.241 +05:30 [INF] Executing endpoint 'PrisonerPortal.Controllers.NotificationsController.GetUnreadCount (PrisonerPortal)'
2026-03-17 10:31:33.251 +05:30 [INF] Route matched with {action = "GetUnreadCount", controller = "Notifications"}. Executing controller action with signature Microsoft.AspNetCore.Mvc.IActionResult GetUnreadCount() on controller PrisonerPortal.Controllers.NotificationsController (PrisonerPortal).
2026-03-17 10:31:33.275 +05:30 [INF] Executed DbCommand (2ms) [Parameters=[@userId='61cc9a7c-b075-4c7d-9717-584b31e92a6f' (Size = 450)], CommandType='"Text"', CommandTimeout='30']
SELECT COUNT(*)
FROM [Notifications] AS [n]
WHERE [n].[UserId] = @userId AND [n].[IsRead] = CAST(0 AS bit)
2026-03-17 10:31:33.295 +05:30 [INF] Executing JsonResult, writing value of type '<>f__AnonymousType1`1[[System.Int32, System.Private.CoreLib, Version=10.0.0.0, Culture=neutral, PublicKeyToken=7cec85d7bea7798e]]'.
2026-03-17 10:31:33.306 +05:30 [INF] Executed action PrisonerPortal.Controllers.NotificationsController.GetUnreadCount (PrisonerPortal) in 38.9162ms
2026-03-17 10:31:33.321 +05:30 [INF] Executed endpoint 'PrisonerPortal.Controllers.NotificationsController.GetUnreadCount (PrisonerPortal)'
2026-03-17 10:31:33.328 +05:30 [INF] Request finished HTTP/1.1 GET http://localhost:5000/Notifications/GetUnreadCount - 200 null application/json; charset=utf-8 116.4021ms
2026-03-17 10:32:03.216 +05:30 [INF] Request starting HTTP/1.1 GET http://localhost:5000/Notifications/GetUnreadCount - null null
2026-03-17 10:32:03.234 +05:30 [INF] Executing endpoint 'PrisonerPortal.Controllers.NotificationsController.GetUnreadCount (PrisonerPortal)'
2026-03-17 10:32:03.238 +05:30 [INF] Route matched with {action = "GetUnreadCount", controller = "Notifications"}. Executing controller action with signature Microsoft.AspNetCore.Mvc.IActionResult GetUnreadCount() on controller PrisonerPortal.Controllers.NotificationsController (PrisonerPortal).
2026-03-17 10:32:03.269 +05:30 [INF] Executed DbCommand (15ms) [Parameters=[@userId='61cc9a7c-b075-4c7d-9717-584b31e92a6f' (Size = 450)], CommandType='"Text"', CommandTimeout='30']
SELECT COUNT(*)
FROM [Notifications] AS [n]
WHERE [n].[UserId] = @userId AND [n].[IsRead] = CAST(0 AS bit)
2026-03-17 10:32:03.287 +05:30 [INF] Executing JsonResult, writing value of type '<>f__AnonymousType1`1[[System.Int32, System.Private.CoreLib, Version=10.0.0.0, Culture=neutral, PublicKeyToken=7cec85d7bea7798e]]'.
2026-03-17 10:32:03.299 +05:30 [INF] Executed action PrisonerPortal.Controllers.NotificationsController.GetUnreadCount (PrisonerPortal) in 48.0376ms
2026-03-17 10:32:03.310 +05:30 [INF] Executed endpoint 'PrisonerPortal.Controllers.NotificationsController.GetUnreadCount (PrisonerPortal)'
2026-03-17 10:32:03.322 +05:30 [INF] Request finished HTTP/1.1 GET http://localhost:5000/Notifications/GetUnreadCount - 200 null application/json; charset=utf-8 105.1389ms
2026-03-17 10:32:33.226 +05:30 [INF] Request starting HTTP/1.1 GET http://localhost:5000/Notifications/GetUnreadCount - null null
2026-03-17 10:32:33.243 +05:30 [INF] Executing endpoint 'PrisonerPortal.Controllers.NotificationsController.GetUnreadCount (PrisonerPortal)'
2026-03-17 10:32:33.247 +05:30 [INF] Route matched with {action = "GetUnreadCount", controller = "Notifications"}. Executing controller action with signature Microsoft.AspNetCore.Mvc.IActionResult GetUnreadCount() on controller PrisonerPortal.Controllers.NotificationsController (PrisonerPortal).
2026-03-17 10:32:33.267 +05:30 [INF] Executed DbCommand (3ms) [Parameters=[@userId='61cc9a7c-b075-4c7d-9717-584b31e92a6f' (Size = 450)], CommandType='"Text"', CommandTimeout='30']
SELECT COUNT(*)
FROM [Notifications] AS [n]
WHERE [n].[UserId] = @userId AND [n].[IsRead] = CAST(0 AS bit)
2026-03-17 10:32:33.285 +05:30 [INF] Executing JsonResult, writing value of type '<>f__AnonymousType1`1[[System.Int32, System.Private.CoreLib, Version=10.0.0.0, Culture=neutral, PublicKeyToken=7cec85d7bea7798e]]'.
2026-03-17 10:32:33.294 +05:30 [INF] Executed action PrisonerPortal.Controllers.NotificationsController.GetUnreadCount (PrisonerPortal) in 34.723ms
2026-03-17 10:32:33.306 +05:30 [INF] Executed endpoint 'PrisonerPortal.Controllers.NotificationsController.GetUnreadCount (PrisonerPortal)'
2026-03-17 10:32:33.313 +05:30 [INF] Request finished HTTP/1.1 GET http://localhost:5000/Notifications/GetUnreadCount - 200 null application/json; charset=utf-8 86.934ms
2026-03-17 10:33:03.224 +05:30 [INF] Request starting HTTP/1.1 GET http://localhost:5000/Notifications/GetUnreadCount - null null
2026-03-17 10:33:03.242 +05:30 [INF] Executing endpoint 'PrisonerPortal.Controllers.NotificationsController.GetUnreadCount (PrisonerPortal)'
2026-03-17 10:33:03.251 +05:30 [INF] Route matched with {action = "GetUnreadCount", controller = "Notifications"}. Executing controller action with signature Microsoft.AspNetCore.Mvc.IActionResult GetUnreadCount() on controller PrisonerPortal.Controllers.NotificationsController (PrisonerPortal).
2026-03-17 10:33:03.284 +05:30 [INF] Executed DbCommand (12ms) [Parameters=[@userId='61cc9a7c-b075-4c7d-9717-584b31e92a6f' (Size = 450)], CommandType='"Text"', CommandTimeout='30']
SELECT COUNT(*)
FROM [Notifications] AS [n]
WHERE [n].[UserId] = @userId AND [n].[IsRead] = CAST(0 AS bit)
2026-03-17 10:33:03.302 +05:30 [INF] Executing JsonResult, writing value of type '<>f__AnonymousType1`1[[System.Int32, System.Private.CoreLib, Version=10.0.0.0, Culture=neutral, PublicKeyToken=7cec85d7bea7798e]]'.
2026-03-17 10:33:03.311 +05:30 [INF] Executed action PrisonerPortal.Controllers.NotificationsController.GetUnreadCount (PrisonerPortal) in 45.6714ms
2026-03-17 10:33:03.324 +05:30 [INF] Executed endpoint 'PrisonerPortal.Controllers.NotificationsController.GetUnreadCount (PrisonerPortal)'
2026-03-17 10:33:03.330 +05:30 [INF] Request finished HTTP/1.1 GET http://localhost:5000/Notifications/GetUnreadCount - 200 null application/json; charset=utf-8 105.7405ms
2026-03-17 10:33:33.213 +05:30 [INF] Request starting HTTP/1.1 GET http://localhost:5000/Notifications/GetUnreadCount - null null
2026-03-17 10:33:33.234 +05:30 [INF] Executing endpoint 'PrisonerPortal.Controllers.NotificationsController.GetUnreadCount (PrisonerPortal)'
2026-03-17 10:33:33.240 +05:30 [INF] Route matched with {action = "GetUnreadCount", controller = "Notifications"}. Executing controller action with signature Microsoft.AspNetCore.Mvc.IActionResult GetUnreadCount() on controller PrisonerPortal.Controllers.NotificationsController (PrisonerPortal).
2026-03-17 10:33:33.257 +05:30 [INF] Executed DbCommand (2ms) [Parameters=[@userId='61cc9a7c-b075-4c7d-9717-584b31e92a6f' (Size = 450)], CommandType='"Text"', CommandTimeout='30']
SELECT COUNT(*)
FROM [Notifications] AS [n]
WHERE [n].[UserId] = @userId AND [n].[IsRead] = CAST(0 AS bit)
2026-03-17 10:33:33.279 +05:30 [INF] Executing JsonResult, writing value of type '<>f__AnonymousType1`1[[System.Int32, System.Private.CoreLib, Version=10.0.0.0, Culture=neutral, PublicKeyToken=7cec85d7bea7798e]]'.
2026-03-17 10:33:33.287 +05:30 [INF] Executed action PrisonerPortal.Controllers.NotificationsController.GetUnreadCount (PrisonerPortal) in 32.9956ms
2026-03-17 10:33:33.305 +05:30 [INF] Executed endpoint 'PrisonerPortal.Controllers.NotificationsController.GetUnreadCount (PrisonerPortal)'
2026-03-17 10:33:33.317 +05:30 [INF] Request finished HTTP/1.1 GET http://localhost:5000/Notifications/GetUnreadCount - 200 null application/json; charset=utf-8 104.1706ms
2026-03-17 10:33:39.440 +05:30 [INF] Request starting HTTP/1.1 POST http://localhost:5000/Account/Logout - application/x-www-form-urlencoded 225
2026-03-17 10:33:39.468 +05:30 [INF] Executing endpoint 'PrisonerPortal.Controllers.AccountController.Logout (PrisonerPortal)'
2026-03-17 10:33:39.518 +05:30 [INF] Route matched with {action = "Logout", controller = "Account"}. Executing controller action with signature System.Threading.Tasks.Task`1[Microsoft.AspNetCore.Mvc.IActionResult] Logout() on controller PrisonerPortal.Controllers.AccountController (PrisonerPortal).
2026-03-17 10:33:39.978 +05:30 [INF] Executed DbCommand (11ms) [Parameters=[@p0='Logout' (Nullable = false) (Size = 4000), @p1='61cc9a7c-b075-4c7d-9717-584b31e92a6f' (Nullable = false) (Size = 4000), @p2='ApplicationUser' (Nullable = false) (Size = 4000), @p3='::1' (Size = 4000), @p4=NULL (Size = 4000), @p5=NULL (Size = 4000), @p6='2026-03-17T05:03:39.6016496Z', @p7='61cc9a7c-b075-4c7d-9717-584b31e92a6f' (Size = 450)], CommandType='"Text"', CommandTimeout='30']
SET IMPLICIT_TRANSACTIONS OFF;
SET NOCOUNT ON;
INSERT INTO [AuditLogs] ([Action], [EntityId], [EntityType], [IPAddress], [NewValues], [OldValues], [Timestamp], [UserId])
OUTPUT INSERTED.[LogId]
VALUES (@p0, @p1, @p2, @p3, @p4, @p5, @p6, @p7);
2026-03-17 10:33:40.086 +05:30 [INF] AuthenticationScheme: Identity.Application signed out.
2026-03-17 10:33:40.099 +05:30 [INF] AuthenticationScheme: Identity.External signed out.
2026-03-17 10:33:40.145 +05:30 [INF] AuthenticationScheme: Identity.TwoFactorUserId signed out.
2026-03-17 10:33:40.157 +05:30 [INF] Executing RedirectResult, redirecting to /.
2026-03-17 10:33:40.163 +05:30 [INF] Executed action PrisonerPortal.Controllers.AccountController.Logout (PrisonerPortal) in 628.5387ms
2026-03-17 10:33:40.170 +05:30 [INF] Executed endpoint 'PrisonerPortal.Controllers.AccountController.Logout (PrisonerPortal)'
2026-03-17 10:33:40.184 +05:30 [INF] Request finished HTTP/1.1 POST http://localhost:5000/Account/Logout - 302 0 null 743.986ms
2026-03-17 10:33:40.219 +05:30 [INF] Request starting HTTP/1.1 GET http://localhost:5000/ - null null
2026-03-17 10:33:40.244 +05:30 [INF] Executing endpoint 'PrisonerPortal.Controllers.AccountController.Login (PrisonerPortal)'
2026-03-17 10:33:40.252 +05:30 [INF] Route matched with {action = "Login", controller = "Account"}. Executing controller action with signature Microsoft.AspNetCore.Mvc.IActionResult Login() on controller PrisonerPortal.Controllers.AccountController (PrisonerPortal).
2026-03-17 10:33:40.303 +05:30 [INF] Executing ViewResult, running view Login.
2026-03-17 10:33:40.535 +05:30 [INF] Executed ViewResult - view Login executed in 243.8042ms.
2026-03-17 10:33:40.546 +05:30 [INF] Executed action PrisonerPortal.Controllers.AccountController.Login (PrisonerPortal) in 271.411ms
2026-03-17 10:33:40.557 +05:30 [INF] Executed endpoint 'PrisonerPortal.Controllers.AccountController.Login (PrisonerPortal)'
2026-03-17 10:33:40.566 +05:30 [INF] Request finished HTTP/1.1 GET http://localhost:5000/ - 200 null text/html; charset=utf-8 346.6325ms
2026-03-17 10:33:40.634 +05:30 [INF] Request starting HTTP/1.1 GET http://localhost:5000/lib/jquery-validation/dist/jquery.validate.min.js - null null
2026-03-17 10:33:40.651 +05:30 [INF] Request starting HTTP/1.1 GET http://localhost:5000/lib/jquery-validation-unobtrusive/dist/jquery.validate.unobtrusive.min.js - null null
2026-03-17 10:33:40.695 +05:30 [INF] Sending file. Request path: '/lib/jquery-validation/dist/jquery.validate.min.js'. Physical path: 'C:\Users\HP\Desktop\Adarsh Yadav Project\PrisonerPortal\wwwroot\lib\jquery-validation\dist\jquery.validate.min.js'
2026-03-17 10:33:40.705 +05:30 [INF] Sending file. Request path: '/lib/jquery-validation-unobtrusive/dist/jquery.validate.unobtrusive.min.js'. Physical path: 'C:\Users\HP\Desktop\Adarsh Yadav Project\PrisonerPortal\wwwroot\lib\jquery-validation-unobtrusive\dist\jquery.validate.unobtrusive.min.js'
2026-03-17 10:33:40.746 +05:30 [INF] Request finished HTTP/1.1 GET http://localhost:5000/lib/jquery-validation/dist/jquery.validate.min.js - 200 25308 text/javascript 111.5677ms
2026-03-17 10:33:40.753 +05:30 [INF] Request finished HTTP/1.1 GET http://localhost:5000/lib/jquery-validation-unobtrusive/dist/jquery.validate.unobtrusive.min.js - 200 5824 text/javascript 101.5499ms
2026-03-17 10:34:10.057 +05:30 [INF] Request starting HTTP/1.1 POST http://localhost:5000/ - application/x-www-form-urlencoded 264
2026-03-17 10:34:10.073 +05:30 [INF] Executing endpoint 'PrisonerPortal.Controllers.AccountController.Login (PrisonerPortal)'
2026-03-17 10:34:10.142 +05:30 [INF] Route matched with {action = "Login", controller = "Account"}. Executing controller action with signature System.Threading.Tasks.Task`1[Microsoft.AspNetCore.Mvc.IActionResult] Login(PrisonerPortal.Models.ViewModels.LoginViewModel) on controller PrisonerPortal.Controllers.AccountController (PrisonerPortal).
2026-03-17 10:34:10.233 +05:30 [INF] Executed DbCommand (12ms) [Parameters=[@normalizedEmail='FAMILY@TEST.COM' (Size = 256)], CommandType='"Text"', CommandTimeout='30']
SELECT TOP(2) [a].[Id], [a].[AccessFailedCount], [a].[Address], [a].[ConcurrencyStamp], [a].[CreatedAt], [a].[Email], [a].[EmailConfirmed], [a].[FullName], [a].[IsActive], [a].[LockoutEnabled], [a].[LockoutEnd], [a].[NormalizedEmail], [a].[NormalizedUserName], [a].[PasswordHash], [a].[PhoneNumber], [a].[PhoneNumberConfirmed], [a].[Role], [a].[SecurityStamp], [a].[TwoFactorEnabled], [a].[UserName]
FROM [AspNetUsers] AS [a]
WHERE [a].[NormalizedEmail] = @normalizedEmail
2026-03-17 10:34:10.329 +05:30 [INF] Executed DbCommand (8ms) [Parameters=[@normalizedUserName='FAMILY@TEST.COM' (Size = 256)], CommandType='"Text"', CommandTimeout='30']
SELECT TOP(1) [a].[Id], [a].[AccessFailedCount], [a].[Address], [a].[ConcurrencyStamp], [a].[CreatedAt], [a].[Email], [a].[EmailConfirmed], [a].[FullName], [a].[IsActive], [a].[LockoutEnabled], [a].[LockoutEnd], [a].[NormalizedEmail], [a].[NormalizedUserName], [a].[PasswordHash], [a].[PhoneNumber], [a].[PhoneNumberConfirmed], [a].[Role], [a].[SecurityStamp], [a].[TwoFactorEnabled], [a].[UserName]
FROM [AspNetUsers] AS [a]
WHERE [a].[NormalizedUserName] = @normalizedUserName
2026-03-17 10:34:10.821 +05:30 [INF] Executed DbCommand (7ms) [Parameters=[@user_Id='299e1191-3378-4290-96f3-be4bcb95962b' (Size = 450)], CommandType='"Text"', CommandTimeout='30']
SELECT [a].[Id], [a].[ClaimType], [a].[ClaimValue], [a].[UserId]
FROM [AspNetUserClaims] AS [a]
WHERE [a].[UserId] = @user_Id
2026-03-17 10:34:10.939 +05:30 [INF] Executed DbCommand (28ms) [Parameters=[@userId='299e1191-3378-4290-96f3-be4bcb95962b' (Size = 450)], CommandType='"Text"', CommandTimeout='30']
SELECT [a0].[Name]
FROM [AspNetUserRoles] AS [a]
INNER JOIN [AspNetRoles] AS [a0] ON [a].[RoleId] = [a0].[Id]
WHERE [a].[UserId] = @userId
2026-03-17 10:34:10.975 +05:30 [INF] Executed DbCommand (7ms) [Parameters=[@normalizedName='FAMILY' (Size = 256)], CommandType='"Text"', CommandTimeout='30']
SELECT TOP(1) [a].[Id], [a].[ConcurrencyStamp], [a].[Name], [a].[NormalizedName]
FROM [AspNetRoles] AS [a]
WHERE [a].[NormalizedName] = @normalizedName
2026-03-17 10:34:11.065 +05:30 [INF] Executed DbCommand (5ms) [Parameters=[@role_Id='b23a1e42-6d28-4c89-a550-b0519e5c57aa' (Size = 450)], CommandType='"Text"', CommandTimeout='30']
SELECT [a].[ClaimType], [a].[ClaimValue]
FROM [AspNetRoleClaims] AS [a]
WHERE [a].[RoleId] = @role_Id
2026-03-17 10:34:11.099 +05:30 [INF] AuthenticationScheme: Identity.Application signed in.
2026-03-17 10:34:11.175 +05:30 [INF] Executed DbCommand (27ms) [Parameters=[@p0='Login' (Nullable = false) (Size = 4000), @p1='299e1191-3378-4290-96f3-be4bcb95962b' (Nullable = false) (Size = 4000), @p2='ApplicationUser' (Nullable = false) (Size = 4000), @p3='::1' (Size = 4000), @p4=NULL (Size = 4000), @p5=NULL (Size = 4000), @p6='2026-03-17T05:04:11.1141853Z', @p7='299e1191-3378-4290-96f3-be4bcb95962b' (Size = 450)], CommandType='"Text"', CommandTimeout='30']
SET IMPLICIT_TRANSACTIONS OFF;
SET NOCOUNT ON;
INSERT INTO [AuditLogs] ([Action], [EntityId], [EntityType], [IPAddress], [NewValues], [OldValues], [Timestamp], [UserId])
OUTPUT INSERTED.[LogId]
VALUES (@p0, @p1, @p2, @p3, @p4, @p5, @p6, @p7);
2026-03-17 10:34:11.196 +05:30 [INF] Executing RedirectResult, redirecting to /Family/Dashboard.
2026-03-17 10:34:11.205 +05:30 [INF] Executed action PrisonerPortal.Controllers.AccountController.Login (PrisonerPortal) in 1049.9308ms
2026-03-17 10:34:11.210 +05:30 [INF] Executed endpoint 'PrisonerPortal.Controllers.AccountController.Login (PrisonerPortal)'
2026-03-17 10:34:11.218 +05:30 [INF] Request finished HTTP/1.1 POST http://localhost:5000/ - 302 0 null 1161.3031ms
2026-03-17 10:34:11.241 +05:30 [INF] Request starting HTTP/1.1 GET http://localhost:5000/Family/Dashboard - null null
2026-03-17 10:34:11.266 +05:30 [INF] Executing endpoint 'PrisonerPortal.Controllers.FamilyController.Dashboard (PrisonerPortal)'
2026-03-17 10:34:11.313 +05:30 [INF] Route matched with {action = "Dashboard", controller = "Family"}. Executing controller action with signature System.Threading.Tasks.Task`1[Microsoft.AspNetCore.Mvc.IActionResult] Dashboard() on controller PrisonerPortal.Controllers.FamilyController (PrisonerPortal).
2026-03-17 10:34:11.425 +05:30 [INF] Executed DbCommand (4ms) [Parameters=[@p='299e1191-3378-4290-96f3-be4bcb95962b' (Size = 450)], CommandType='"Text"', CommandTimeout='30']
SELECT TOP(1) [a].[Id], [a].[AccessFailedCount], [a].[Address], [a].[ConcurrencyStamp], [a].[CreatedAt], [a].[Email], [a].[EmailConfirmed], [a].[FullName], [a].[IsActive], [a].[LockoutEnabled], [a].[LockoutEnd], [a].[NormalizedEmail], [a].[NormalizedUserName], [a].[PasswordHash], [a].[PhoneNumber], [a].[PhoneNumberConfirmed], [a].[Role], [a].[SecurityStamp], [a].[TwoFactorEnabled], [a].[UserName]
FROM [AspNetUsers] AS [a]
WHERE [a].[Id] = @p
2026-03-17 10:34:11.522 +05:30 [INF] Executed DbCommand (9ms) [Parameters=[@userId='299e1191-3378-4290-96f3-be4bcb95962b' (Size = 450)], CommandType='"Text"', CommandTimeout='30']
SELECT [f].[LinkId], [f].[IsVerified], [f].[LinkedAt], [f].[PrisonerId], [f].[Relationship], [f].[UserId], [f].[VerifiedByAdminId], [p].[PrisonerId], [p].[CaseNumber], [p].[CellBlock], [p].[CellNumber], [p].[CreatedAt], [p].[CrimeCategory], [p].[DateOfBirth], [p].[FullName], [p].[Gender], [p].[PrisonerCode], [p].[SentenceEndDate], [p].[SentenceStartDate], [p].[Status], [p].[UpdatedAt]
FROM [FamilyPrisonerLinks] AS [f]
INNER JOIN [Prisoners] AS [p] ON [f].[PrisonerId] = [p].[PrisonerId]
WHERE [f].[UserId] = @userId AND [f].[IsVerified] = CAST(1 AS bit)
2026-03-17 10:34:11.661 +05:30 [INF] Executed DbCommand (13ms) [Parameters=[@userId='299e1191-3378-4290-96f3-be4bcb95962b' (Size = 450)], CommandType='"Text"', CommandTimeout='30']
SELECT [a].[AppointmentId], [a].[AdminNotes], [a].[AppointmentCode], [a].[BookedAt], [a].[NumVisitors], [a].[PrisonerId], [a].[Purpose], [a].[RejectionReason], [a].[SlotId], [a].[Status], [a].[UpdatedAt], [a].[UserId], [a].[VisitorNames], [p].[PrisonerId], [p].[CaseNumber], [p].[CellBlock], [p].[CellNumber], [p].[CreatedAt], [p].[CrimeCategory], [p].[DateOfBirth], [p].[FullName], [p].[Gender], [p].[PrisonerCode], [p].[SentenceEndDate], [p].[SentenceStartDate], [p].[Status], [p].[UpdatedAt], [v].[SlotId], [v].[CreatedAt], [v].[CreatedByAdminId], [v].[CurrentBookings], [v].[EndTime], [v].[IsActive], [v].[MaxCapacity], [v].[SlotDate], [v].[StartTime]
FROM [Appointments] AS [a]
INNER JOIN [Prisoners] AS [p] ON [a].[PrisonerId] = [p].[PrisonerId]
INNER JOIN [VisitSlots] AS [v] ON [a].[SlotId] = [v].[SlotId]
WHERE [a].[UserId] = @userId
ORDER BY [a].[BookedAt] DESC
2026-03-17 10:34:11.794 +05:30 [INF] Executed DbCommand (8ms) [Parameters=[@userId='299e1191-3378-4290-96f3-be4bcb95962b' (Size = 450)], CommandType='"Text"', CommandTimeout='30']
SELECT [s].[RequestId], [s].[AdminResponse], [s].[AssignedAdminId], [s].[Category], [s].[CreatedAt], [s].[Description], [s].[Priority], [s].[PrisonerId], [s].[RequestCode], [s].[ResolvedAt], [s].[Status], [s].[Subject], [s].[UpdatedAt], [s].[UserId], [p].[PrisonerId], [p].[CaseNumber], [p].[CellBlock], [p].[CellNumber], [p].[CreatedAt], [p].[CrimeCategory], [p].[DateOfBirth], [p].[FullName], [p].[Gender], [p].[PrisonerCode], [p].[SentenceEndDate], [p].[SentenceStartDate], [p].[Status], [p].[UpdatedAt]
FROM [SupportRequests] AS [s]
INNER JOIN [Prisoners] AS [p] ON [s].[PrisonerId] = [p].[PrisonerId]
WHERE [s].[UserId] = @userId
ORDER BY [s].[CreatedAt] DESC
2026-03-17 10:34:11.855 +05:30 [INF] Executing ViewResult, running view Dashboard.
2026-03-17 10:34:11.915 +05:30 [INF] Request starting HTTP/1.1 POST http://localhost:5000/ - application/x-www-form-urlencoded 264
2026-03-17 10:34:11.938 +05:30 [INF] Executing endpoint 'PrisonerPortal.Controllers.AccountController.Login (PrisonerPortal)'
2026-03-17 10:34:11.947 +05:30 [INF] Route matched with {action = "Login", controller = "Account"}. Executing controller action with signature System.Threading.Tasks.Task`1[Microsoft.AspNetCore.Mvc.IActionResult] Login(PrisonerPortal.Models.ViewModels.LoginViewModel) on controller PrisonerPortal.Controllers.AccountController (PrisonerPortal).
2026-03-17 10:34:11.962 +05:30 [INF] Antiforgery token validation failed. The provided antiforgery token was meant for a different claims-based user than the current user.
Microsoft.AspNetCore.Antiforgery.AntiforgeryValidationException: The provided antiforgery token was meant for a different claims-based user than the current user.
   at Microsoft.AspNetCore.Antiforgery.DefaultAntiforgery.ValidateTokens(HttpContext httpContext, AntiforgeryTokenSet antiforgeryTokenSet)
   at Microsoft.AspNetCore.Antiforgery.DefaultAntiforgery.ValidateRequestAsync(HttpContext httpContext)
   at Microsoft.AspNetCore.Mvc.ViewFeatures.Filters.ValidateAntiforgeryTokenAuthorizationFilter.OnAuthorizationAsync(AuthorizationFilterContext context)
2026-03-17 10:34:12.012 +05:30 [INF] Authorization failed for the request at filter 'Microsoft.AspNetCore.Mvc.ViewFeatures.Filters.ValidateAntiforgeryTokenAuthorizationFilter'.
2026-03-17 10:34:12.028 +05:30 [INF] Executing StatusCodeResult, setting HTTP status code 400
2026-03-17 10:34:12.035 +05:30 [INF] Executed action PrisonerPortal.Controllers.AccountController.Login (PrisonerPortal) in 75.9162ms
2026-03-17 10:34:12.044 +05:30 [INF] Executed endpoint 'PrisonerPortal.Controllers.AccountController.Login (PrisonerPortal)'
2026-03-17 10:34:12.055 +05:30 [INF] Request finished HTTP/1.1 POST http://localhost:5000/ - 400 0 null 139.1074ms
2026-03-17 10:34:12.147 +05:30 [INF] Executed ViewResult - view Dashboard executed in 298.463ms.
2026-03-17 10:34:12.156 +05:30 [INF] Executed action PrisonerPortal.Controllers.FamilyController.Dashboard (PrisonerPortal) in 830.478ms
2026-03-17 10:34:12.164 +05:30 [INF] Executed endpoint 'PrisonerPortal.Controllers.FamilyController.Dashboard (PrisonerPortal)'
2026-03-17 10:34:12.173 +05:30 [INF] Request finished HTTP/1.1 GET http://localhost:5000/Family/Dashboard - 200 null text/html; charset=utf-8 931.9078ms
